
   PASS  Tests\tests\Success\AllKilledTest
  ✓ it kills all the mutants with (10, false)
  ✓ it kills all the mutants with (17, false)
  ✓ it kills all the mutants with (18, true)
  ✓ it kills all the mutants with (25, true)

  Tests:    4 passed (4 assertions)
  Duration: xxx

Running mutation tests...
